Microchip MPLAB XC8 Compiler V1.41 ()

Linker command line:

-W-3 --edf=C:\Program Files (x86)\Microchip\xc8\v1.41\dat\en_msgs.txt -cs \
  -h+dist/default/debug\CETDEDriver.X.debug.sym \
  --cmf=dist/default/debug\CETDEDriver.X.debug.cmf -z -Q16F15355 \
  -oC:\Users\HYPERL~1\AppData\Local\Temp\s2ao.2 \
  -Mdist/default/debug/CETDEDriver.X.debug.map -E1 -ver=XC8 \
  -ASTACK=02130h-023efh -pstack=STACK -ACODE=00h-07FFhx4 \
  -ASTRCODE=00h-01FFFh -ASTRING=00h-0FFhx32 -ACONST=00h-0FFhx32 \
  -AENTRY=00h-0FFhx32 -ACOMMON=070h-07Fh -ABANK0=020h-06Fh \
  -ABANK1=0A0h-0EFh -ABANK2=0120h-016Fh -ABANK3=01A0h-01EFh \
  -ABANK4=0220h-026Fh -ABANK5=02A0h-02EFh -ABANK6=0320h-036Fh \
  -ABANK7=03A0h-03EFh -ABANK8=0420h-046Fh -ABANK9=04A0h-04EFh \
  -ABANK10=0520h-056Fh -ABANK11=05A0h-05EFh -ABANK12=0620h-064Fh \
  -ABIGRAM=02000h-023EFh \
  -ARAM=020h-06Fh,0A0h-0EFh,0120h-016Fh,01A0h-01EFh,0220h-026Fh,02A0h-02EFh,0320h-036Fh,03A0h-03EFh,0420h-046Fh,04A0h-04EFh,0520h-056Fh,05A0h-05EFh,0620h-064Fh \
  -AABS1=020h-07Fh,0A0h-0EFh,0120h-016Fh,01A0h-01EFh,0220h-026Fh,02A0h-02EFh,0320h-036Fh,03A0h-03EFh,0420h-046Fh,04A0h-04EFh,0520h-056Fh,05A0h-05EFh,0620h-064Fh \
  -ASFR0=00h-01Fh -ASFR1=080h-09Fh -ASFR2=0100h-011Fh -ASFR3=0180h-019Fh \
  -ASFR4=0200h-021Fh -ASFR5=0280h-029Fh -ASFR6=0300h-031Fh \
  -ASFR7=0380h-039Fh -ASFR8=0400h-041Fh -ASFR9=0480h-049Fh \
  -ASFR10=0500h-051Fh -ASFR11=0580h-059Fh -ASFR12=0600h-061Fh \
  -ASFR13=0680h-06EFh -ASFR14=0700h-076Fh -ASFR15=0780h-07EFh \
  -ASFR16=0800h-086Fh -ASFR17=0880h-08EFh -ASFR18=0900h-096Fh \
  -ASFR19=0980h-09EFh -ASFR20=0A00h-0A6Fh -ASFR21=0A80h-0AEFh \
  -ASFR22=0B00h-0B6Fh -ASFR23=0B80h-0BEFh -ASFR24=0C00h-0C6Fh \
  -ASFR25=0C80h-0CEFh -ASFR26=0D00h-0D6Fh -ASFR27=0D80h-0DEFh \
  -ASFR28=0E00h-0E6Fh -ASFR29=0E80h-0EEFh -ASFR30=0F00h-0F6Fh \
  -ASFR31=0F80h-0FEFh -ASFR32=01000h-0106Fh -ASFR33=01080h-010EFh \
  -ASFR34=01100h-0116Fh -ASFR35=01180h-011EFh -ASFR36=01200h-0126Fh \
  -ASFR37=01280h-012EFh -ASFR38=01300h-0136Fh -ASFR39=01380h-013EFh \
  -ASFR40=01400h-0146Fh -ASFR41=01480h-014EFh -ASFR42=01500h-0156Fh \
  -ASFR43=01580h-015EFh -ASFR44=01600h-0166Fh -ASFR45=01680h-016EFh \
  -ASFR46=01700h-0176Fh -ASFR47=01780h-017EFh -ASFR48=01800h-0186Fh \
  -ASFR49=01880h-018EFh -ASFR50=01900h-0196Fh -ASFR51=01980h-019EFh \
  -ASFR52=01A00h-01A6Fh -ASFR53=01A80h-01AEFh -ASFR54=01B00h-01B6Fh \
  -ASFR55=01B80h-01BEFh -ASFR56=01C00h-01C6Fh -ASFR57=01C80h-01CEFh \
  -ASFR58=01D00h-01D6Fh -ASFR59=01D80h-01DEFh -ASFR60=01E00h-01E6Fh \
  -ASFR61=01E80h-01EEFh -ASFR62=01F00h-01F6Fh -ASFR63=01F80h-01FEFh \
  -preset_vec=00h,intentry=04h,init,end_init -ppowerup=CODE -pcinit=CODE \
  -pfunctab=CODE -ACONFIG=08007h-0800Bh -pconfig=CONFIG -DCONFIG=2 \
  -AIDLOC=08000h-08003h -pidloc=IDLOC -DIDLOC=2 -DCODE=2 -DSTRCODE=2 \
  -DSTRING=2 -DCONST=2 -DENTRY=2 -k \
  C:\Users\HYPERL~1\AppData\Local\Temp\s2ao.obj \
  dist/default/debug\CETDEDriver.X.debug.obj 

Object code version is 3.11

Machine type is 16F15355



                Name                               Link     Load   Length Selector   Space Scale
C:\Users\HYPERL~1\AppData\Local\Temp\s2ao.obj
                end_init                             2A       2A        2        8       0
                reset_vec                             0        0        3        0       0
                config                             8007     8007        5    1000E       0
dist/default/debug\CETDEDriver.X.debug.obj
                cinit                                2C       2C       20        8       0
                intentry                              4        4       26        8       0
                text18                              5F8      5F8       23        8       0
                text17                              498      498       7B        8       0
                text16                              658      658       1D        8       0
                text15                              513      513       64        8       0
                text14                              61B      61B       20        8       0
                text13                              1BF      1BF       F5        8       0
                text12                              368      368       A9        8       0
                text11                              2B4      2B4       B4        8       0
                text10                              411      411       87        8       0
                text9                               63B      63B       1D        8       0
                text8                                4C       4C      173        8       0
                text7                               5BD      5BD       3B        8       0
                text5                               675      675       1A        8       0
                text4                               68F      68F       11        8       0
                text3                               6AC      6AC        A        8       0
                text2                               577      577       46        8       0
                text1                               6A0      6A0        C        8       0
                maintext                            6B6      6B6        8        8       0
                cstackBANK0                          20       20       50       20       1
                cstackCOMMON                         70       70        E       70       1
                cstackBANK1                          C8       C8        1       A0       1
                clrtext                             6BE      6BE        6        8       0
                bssBANK3                            1A0      1A0       40      1A0       1
                bssBANK2                            120      120       40      120       1
                dataBANK1                            C7       C7        1       A0       1
                bssBANK1                             A0       A0       26       A0       1
                nvBANK1                              C6       C6        1       A0       1
                idataBANK1                          6C4      6C4        1        8       0

TOTAL           Name                               Link     Load   Length     Space
        CLASS   STACK          

        CLASS   CODE           
                end_init                             2A       2A        2         0
                cinit                                2C       2C       20         0
                intentry                              4        4       26         0
                reset_vec                             0        0        3         0
                text18                              5F8      5F8       23         0
                text17                              498      498       7B         0
                text16                              658      658       1D         0
                text15                              513      513       64         0
                text14                              61B      61B       20         0
                text13                              1BF      1BF       F5         0
                text12                              368      368       A9         0
                text11                              2B4      2B4       B4         0
                text10                              411      411       87         0
                text9                               63B      63B       1D         0
                text8                                4C       4C      173         0
                text7                               5BD      5BD       3B         0
                text5                               675      675       1A         0
                text4                               68F      68F       11         0
                text3                               6AC      6AC        A         0
                text2                               577      577       46         0
                text1                               6A0      6A0        C         0
                maintext                            6B6      6B6        8         0
                clrtext                             6BE      6BE        6         0
                idataBANK1                          6C4      6C4        1         0

        CLASS   STRCODE        

        CLASS   STRING         

        CLASS   CONST          

        CLASS   ENTRY          

        CLASS   COMMON         
                cstackCOMMON                         70       70        E         1

        CLASS   BANK0          
                cstackBANK0                          20       20       50         1

        CLASS   BANK1          
                cstackBANK1                          C8       C8        1         1
                dataBANK1                            C7       C7        1         1
                bssBANK1                             A0       A0       26         1
                nvBANK1                              C6       C6        1         1

        CLASS   BANK2          
                bssBANK2                            120      120       40         1

        CLASS   BANK3          
                bssBANK3                            1A0      1A0       40         1

        CLASS   BANK4          

        CLASS   BANK5          

        CLASS   BANK6          

        CLASS   BANK7          

        CLASS   BANK8          

        CLASS   BANK9          

        CLASS   BANK10         

        CLASS   BANK11         

        CLASS   BANK12         

        CLASS   BIGRAM         

        CLASS   RAM            

        CLASS   ABS1           
                abs_s1                               7E       7E        2         1

        CLASS   SFR0           

        CLASS   SFR1           

        CLASS   SFR2           

        CLASS   SFR3           

        CLASS   SFR4           

        CLASS   SFR5           

        CLASS   SFR6           

        CLASS   SFR7           

        CLASS   SFR8           

        CLASS   SFR9           

        CLASS   SFR10          

        CLASS   SFR11          

        CLASS   SFR12          

        CLASS   SFR13          

        CLASS   SFR14          

        CLASS   SFR15          

        CLASS   SFR16          

        CLASS   SFR17          

        CLASS   SFR18          

        CLASS   SFR19          

        CLASS   SFR20          

        CLASS   SFR21          

        CLASS   SFR22          

        CLASS   SFR23          

        CLASS   SFR24          

        CLASS   SFR25          

        CLASS   SFR26          

        CLASS   SFR27          

        CLASS   SFR28          

        CLASS   SFR29          

        CLASS   SFR30          

        CLASS   SFR31          

        CLASS   SFR32          

        CLASS   SFR33          

        CLASS   SFR34          

        CLASS   SFR35          

        CLASS   SFR36          

        CLASS   SFR37          

        CLASS   SFR38          

        CLASS   SFR39          

        CLASS   SFR40          

        CLASS   SFR41          

        CLASS   SFR42          

        CLASS   SFR43          

        CLASS   SFR44          

        CLASS   SFR45          

        CLASS   SFR46          

        CLASS   SFR47          

        CLASS   SFR48          

        CLASS   SFR49          

        CLASS   SFR50          

        CLASS   SFR51          

        CLASS   SFR52          

        CLASS   SFR53          

        CLASS   SFR54          

        CLASS   SFR55          

        CLASS   SFR56          

        CLASS   SFR57          

        CLASS   SFR58          

        CLASS   SFR59          

        CLASS   SFR60          

        CLASS   SFR61          

        CLASS   SFR62          

        CLASS   SFR63          

        CLASS   CONFIG         
                config                             8007     8007        5         0

        CLASS   IDLOC          

        CLASS   BANK63         

        CLASS   BANK62         

        CLASS   BANK61         

        CLASS   BANK60         

        CLASS   BANK59         

        CLASS   BANK58         

        CLASS   BANK57         

        CLASS   BANK56         

        CLASS   BANK55         

        CLASS   BANK54         

        CLASS   BANK53         

        CLASS   BANK52         

        CLASS   BANK51         

        CLASS   BANK50         

        CLASS   BANK49         

        CLASS   BANK48         

        CLASS   BANK47         

        CLASS   BANK46         

        CLASS   BANK45         

        CLASS   BANK44         

        CLASS   BANK43         

        CLASS   BANK42         

        CLASS   BANK41         

        CLASS   BANK40         

        CLASS   BANK39         

        CLASS   BANK38         

        CLASS   BANK37         

        CLASS   BANK36         

        CLASS   BANK35         

        CLASS   BANK34         

        CLASS   BANK33         

        CLASS   BANK32         

        CLASS   BANK31         

        CLASS   BANK30         

        CLASS   BANK29         

        CLASS   BANK28         

        CLASS   BANK27         

        CLASS   BANK26         

        CLASS   BANK25         

        CLASS   BANK24         

        CLASS   BANK23         

        CLASS   BANK22         

        CLASS   BANK21         

        CLASS   BANK20         

        CLASS   BANK19         

        CLASS   BANK18         

        CLASS   BANK17         

        CLASS   BANK16         

        CLASS   BANK15         

        CLASS   BANK14         

        CLASS   BANK13         

        CLASS   EEDATA         



SEGMENTS        Name                           Load    Length   Top    Selector   Space  Class     Delta

                reset_vec                      000000  000003  000003         0       0  CODE        2
                intentry                       000004  0006C1  0006C5         8       0  CODE        2
                cstackBANK0                    000020  000050  000070        20       1  BANK0       1
                cstackCOMMON                   000070  00000E  00007E        70       1  COMMON      1
                bssBANK1                       0000A0  000029  0000C9        A0       1  BANK1       1
                bssBANK2                       000120  000040  000160       120       1  BANK2       1
                bssBANK3                       0001A0  000040  0001E0       1A0       1  BANK3       1
                config                         008007  000005  00800C     1000E       0  CONFIG      2


UNUSED ADDRESS RANGES

        Name                Unused          Largest block    Delta
        BANK1            000C9-000EF              27           1
        BANK10           00520-0056F              50           1
        BANK11           005A0-005EF              50           1
        BANK12           00620-0064F              30           1
        BANK2            00160-0016F              10           1
        BANK3            001E0-001EF              10           1
        BANK4            00220-0026F              50           1
        BANK5            002A0-002EF              50           1
        BANK6            00320-0036F              50           1
        BANK7            003A0-003EF              50           1
        BANK8            00420-0046F              50           1
        BANK9            004A0-004EF              50           1
        BIGRAM           02000-023EF             3F0           1
        CODE             00003-00003               1           2
                         006C5-01FFF             800
        CONST            00003-00003               1           2
                         006C5-01FFF             100
        ENTRY            00003-00003               1           2
                         006C5-01FFF             100
        IDLOC            08000-08003               4           2
        RAM              000C9-000EF              27           1
                         00160-0016F              10
                         001E0-001EF              10
                         00220-0026F              50
                         002A0-002EF              50
                         00320-0036F              50
                         003A0-003EF              50
                         00420-0046F              50
                         004A0-004EF              50
                         00520-0056F              50
                         005A0-005EF              50
                         00620-0064F              30
        SFR0             00000-0001F              20           1
        SFR1             00080-0009F              20           1
        SFR10            00500-0051F              20           1
        SFR11            00580-0059F              20           1
        SFR12            00600-0061F              20           1
        SFR13            00680-006EF              70           1
        SFR14            00700-0076F              70           1
        SFR15            00780-007EF              70           1
        SFR16            00800-0086F              70           1
        SFR17            00880-008EF              70           1
        SFR18            00900-0096F              70           1
        SFR19            00980-009EF              70           1
        SFR2             00100-0011F              20           1
        SFR20            00A00-00A6F              70           1
        SFR21            00A80-00AEF              70           1
        SFR22            00B00-00B6F              70           1
        SFR23            00B80-00BEF              70           1
        SFR24            00C00-00C6F              70           1
        SFR25            00C80-00CEF              70           1
        SFR26            00D00-00D6F              70           1
        SFR27            00D80-00DEF              70           1
        SFR28            00E00-00E6F              70           1
        SFR29            00E80-00EEF              70           1
        SFR3             00180-0019F              20           1
        SFR30            00F00-00F6F              70           1
        SFR31            00F80-00FEF              70           1
        SFR32            01000-0106F              70           1
        SFR33            01080-010EF              70           1
        SFR34            01100-0116F              70           1
        SFR35            01180-011EF              70           1
        SFR36            01200-0126F              70           1
        SFR37            01280-012EF              70           1
        SFR38            01300-0136F              70           1
        SFR39            01380-013EF              70           1
        SFR4             00200-0021F              20           1
        SFR40            01400-0146F              70           1
        SFR41            01480-014EF              70           1
        SFR42            01500-0156F              70           1
        SFR43            01580-015EF              70           1
        SFR44            01600-0166F              70           1
        SFR45            01680-016EF              70           1
        SFR46            01700-0176F              70           1
        SFR47            01780-017EF              70           1
        SFR48            01800-0186F              70           1
        SFR49            01880-018EF              70           1
        SFR5             00280-0029F              20           1
        SFR50            01900-0196F              70           1
        SFR51            01980-019EF              70           1
        SFR52            01A00-01A6F              70           1
        SFR53            01A80-01AEF              70           1
        SFR54            01B00-01B6F              70           1
        SFR55            01B80-01BEF              70           1
        SFR56            01C00-01C6F              70           1
        SFR57            01C80-01CEF              70           1
        SFR58            01D00-01D6F              70           1
        SFR59            01D80-01DEF              70           1
        SFR6             00300-0031F              20           1
        SFR60            01E00-01E6F              70           1
        SFR61            01E80-01EEF              70           1
        SFR62            01F00-01F6F              70           1
        SFR63            01F80-01FEF              70           1
        SFR7             00380-0039F              20           1
        SFR8             00400-0041F              20           1
        SFR9             00480-0049F              20           1
        STACK            02130-023EF             2C0           1
        STRCODE          00003-00003               1           2
                         006C5-01FFF            193B
        STRING           00003-00003               1           2
                         006C5-01FFF             100

                                  Symbol Table

?___awtoft                           cstackCOMMON 00078
?___ftadd                            cstackCOMMON 00078
?___ftdiv                            cstackBANK0  00027
?___ftmul                            cstackBANK0  00037
?___ftpack                           cstackCOMMON 00070
?___fttol                            cstackBANK0  00047
EUSART1_Receive_ISR@i                cstackCOMMON 00073
EUSART1_Write@txData                 cstackCOMMON 00071
I2C1_ISR@i2c_data                    cstackBANK0  0006E
I2C1_StatusCallback@DevID            cstackBANK0  0005A
I2C1_StatusCallback@R1               cstackBANK0  0005D
I2C1_StatusCallback@R2               cstackBANK0  00064
I2C1_StatusCallback@dataI2C          cstackBANK0  00055
I2C1_StatusCallback@i2c_bus_state    cstackBANK0  00063
I2C1_StatusCallback@val              cstackBANK0  00069
I2C1_StatusCallback@val16            cstackBANK0  00067
I2C1_StatusCallback@xount            cstackBANK0  0006B
PIN_MANAGER_Initialize@state         cstackBANK1  000C8
_ANSELA                              (abs)        01F38
_ANSELB                              (abs)        01F43
_ANSELC                              (abs)        01F4E
_BAUD1CON                            (abs)        0011F
_EUSART1_Initialize                  text5        00675
_EUSART1_Receive_ISR                 text17       00498
_EUSART1_Transmit_ISR                text16       00658
_EUSART1_Write                       text18       005F8
_GIE                                 (abs)        0005F
_I2C1_ISR                            text7        005BD
_I2C1_Initialize                     text4        0068F
_I2C1_StatusCallback                 text8        0004C
_I2C1_StatusCallback$1064            cstackBANK0  00060
_I2C1_slaveWriteData                 dataBANK1    000C7
_INTCONbits                          (abs)        0000B
_INTERRUPT_InterruptManager          intentry     00004
_LATA                                (abs)        00018
_LATB                                (abs)        00019
_LATC                                (abs)        0001A
_LATCbits                            (abs)        0001A
_OBC_LastCMD                         bssBANK1     000BF
_ODCONA                              (abs)        01F3A
_ODCONB                              (abs)        01F45
_ODCONC                              (abs)        01F50
_OSCCON1                             (abs)        0088D
_OSCCON3                             (abs)        0088F
_OSCEN                               (abs)        00891
_OSCFRQ                              (abs)        00893
_OSCILLATOR_Initialize               text3        006AC
_OSCSTAT                             (abs)        00890
_OSCTUNE                             (abs)        00892
_PIE3bits                            (abs)        00719
_PIN_MANAGER_Initialize              text2        00577
_PIR3bits                            (abs)        0070F
_PPSLOCK                             (abs)        01E8F
_PPSLOCKbits                         (abs)        01E8F
_RC1REG                              (abs)        00119
_RC1STA                              (abs)        0011D
_RC1STAbits                          (abs)        0011D
_RC3PPS                              (abs)        01F23
_RC4PPS                              (abs)        01F24
_RC6PPS                              (abs)        01F26
_RX1DTPPSbits                        (abs)        01ECB
_SERIAL_BUFF                         bssBANK2     00120
_SERIAL_BUFFcount                    bssBANK1     000C5
_SP1BRGH                             (abs)        0011C
_SP1BRGL                             (abs)        0011B
_SSP1ADD                             (abs)        0018D
_SSP1BUF                             (abs)        0018C
_SSP1CLKPPSbits                      (abs)        01EC5
_SSP1CON1                            (abs)        00190
_SSP1CON1bits                        (abs)        00190
_SSP1CON2                            (abs)        00191
_SSP1CON2bits                        (abs)        00191
_SSP1CON3                            (abs)        00192
_SSP1DATPPSbits                      (abs)        01EC6
_SSP1MSK                             (abs)        0018E
_SSP1STAT                            (abs)        0018F
_SSP1STATbits                        (abs)        0018F
_SYSTEM_Initialize                   text1        006A0
_SerialLastFloat_BYTESarray          bssBANK1     000AE
_TRISA                               (abs)        00012
_TRISB                               (abs)        00013
_TRISC                               (abs)        00014
_TX1REG                              (abs)        0011A
_TX1STA                              (abs)        0011E
_WPUA                                (abs)        01F39
_WPUB                                (abs)        01F44
_WPUC                                (abs)        01F4F
_WPUE                                (abs)        01F65
_WriteCMD                            bssBANK1     000BC
__CFG_BBEN$OFF                       (abs)        00000
__CFG_BBSIZE$BB512                   (abs)        00000
__CFG_BOREN$ON                       (abs)        00000
__CFG_BORV$LO                        (abs)        00000
__CFG_CLKOUTEN$OFF                   (abs)        00000
__CFG_CP$OFF                         (abs)        00000
__CFG_CSWEN$ON                       (abs)        00000
__CFG_FCMEN$ON                       (abs)        00000
__CFG_FEXTOSC$OFF                    (abs)        00000
__CFG_LPBOREN$OFF                    (abs)        00000
__CFG_LVP$ON                         (abs)        00000
__CFG_MCLRE$ON                       (abs)        00000
__CFG_PPS1WAY$ON                     (abs)        00000
__CFG_PWRTE$OFF                      (abs)        00000
__CFG_RSTOSC$HFINT1                  (abs)        00000
__CFG_SAFEN$OFF                      (abs)        00000
__CFG_STVREN$ON                      (abs)        00000
__CFG_WDTCCS$SC                      (abs)        00000
__CFG_WDTCPS$WDTCPS_31               (abs)        00000
__CFG_WDTCWS$WDTCWS_7                (abs)        00000
__CFG_WDTE$OFF                       (abs)        00000
__CFG_WRTAPP$OFF                     (abs)        00000
__CFG_WRTB$OFF                       (abs)        00000
__CFG_WRTC$OFF                       (abs)        00000
__CFG_WRTSAF$OFF                     (abs)        00000
__CFG_ZCD$OFF                        (abs)        00000
__Habs1                              abs1         00000
__Hbank0                             bank0        00000
__Hbank1                             bank1        00000
__Hbank10                            bank10       00000
__Hbank11                            bank11       00000
__Hbank12                            bank12       00000
__Hbank13                            bank13       00000
__Hbank14                            bank14       00000
__Hbank15                            bank15       00000
__Hbank16                            bank16       00000
__Hbank17                            bank17       00000
__Hbank18                            bank18       00000
__Hbank19                            bank19       00000
__Hbank2                             bank2        00000
__Hbank20                            bank20       00000
__Hbank21                            bank21       00000
__Hbank22                            bank22       00000
__Hbank23                            bank23       00000
__Hbank24                            bank24       00000
__Hbank25                            bank25       00000
__Hbank26                            bank26       00000
__Hbank27                            bank27       00000
__Hbank28                            bank28       00000
__Hbank29                            bank29       00000
__Hbank3                             bank3        00000
__Hbank30                            bank30       00000
__Hbank31                            bank31       00000
__Hbank32                            bank32       00000
__Hbank33                            bank33       00000
__Hbank34                            bank34       00000
__Hbank35                            bank35       00000
__Hbank36                            bank36       00000
__Hbank37                            bank37       00000
__Hbank38                            bank38       00000
__Hbank39                            bank39       00000
__Hbank4                             bank4        00000
__Hbank40                            bank40       00000
__Hbank41                            bank41       00000
__Hbank42                            bank42       00000
__Hbank43                            bank43       00000
__Hbank44                            bank44       00000
__Hbank45                            bank45       00000
__Hbank46                            bank46       00000
__Hbank47                            bank47       00000
__Hbank48                            bank48       00000
__Hbank49                            bank49       00000
__Hbank5                             bank5        00000
__Hbank50                            bank50       00000
__Hbank51                            bank51       00000
__Hbank52                            bank52       00000
__Hbank53                            bank53       00000
__Hbank54                            bank54       00000
__Hbank55                            bank55       00000
__Hbank56                            bank56       00000
__Hbank57                            bank57       00000
__Hbank58                            bank58       00000
__Hbank59                            bank59       00000
__Hbank6                             bank6        00000
__Hbank60                            bank60       00000
__Hbank61                            bank61       00000
__Hbank62                            bank62       00000
__Hbank63                            bank63       00000
__Hbank7                             bank7        00000
__Hbank8                             bank8        00000
__Hbank9                             bank9        00000
__Hbigram                            bigram       00000
__HbssBANK1                          bssBANK1     00000
__HbssBANK2                          bssBANK2     00000
__HbssBANK3                          bssBANK3     00000
__Hcinit                             cinit        0004C
__Hclrtext                           clrtext      00000
__Hcode                              code         00000
__Hcommon                            common       00000
__Hconfig                            config       0800C
__HcstackBANK0                       cstackBANK0  00000
__HcstackBANK1                       cstackBANK1  00000
__HcstackCOMMON                      cstackCOMMON 00000
__HdataBANK1                         dataBANK1    00000
__Heeprom_data                       eeprom_data  00000
__Hend_init                          end_init     0002C
__Hfunctab                           functab      00000
__HidataBANK1                        idataBANK1   00000
__Hidloc                             idloc        00000
__Hinit                              init         0002A
__Hintentry                          intentry     0002A
__Hmaintext                          maintext     00000
__HnvBANK1                           nvBANK1      00000
__Hpowerup                           powerup      00000
__Hram                               ram          00000
__Hreset_vec                         reset_vec    00003
__Hsfr0                              sfr0         00000
__Hsfr1                              sfr1         00000
__Hsfr10                             sfr10        00000
__Hsfr11                             sfr11        00000
__Hsfr12                             sfr12        00000
__Hsfr13                             sfr13        00000
__Hsfr14                             sfr14        00000
__Hsfr15                             sfr15        00000
__Hsfr16                             sfr16        00000
__Hsfr17                             sfr17        00000
__Hsfr18                             sfr18        00000
__Hsfr19                             sfr19        00000
__Hsfr2                              sfr2         00000
__Hsfr20                             sfr20        00000
__Hsfr21                             sfr21        00000
__Hsfr22                             sfr22        00000
__Hsfr23                             sfr23        00000
__Hsfr24                             sfr24        00000
__Hsfr25                             sfr25        00000
__Hsfr26                             sfr26        00000
__Hsfr27                             sfr27        00000
__Hsfr28                             sfr28        00000
__Hsfr29                             sfr29        00000
__Hsfr3                              sfr3         00000
__Hsfr30                             sfr30        00000
__Hsfr31                             sfr31        00000
__Hsfr32                             sfr32        00000
__Hsfr33                             sfr33        00000
__Hsfr34                             sfr34        00000
__Hsfr35                             sfr35        00000
__Hsfr36                             sfr36        00000
__Hsfr37                             sfr37        00000
__Hsfr38                             sfr38        00000
__Hsfr39                             sfr39        00000
__Hsfr4                              sfr4         00000
__Hsfr40                             sfr40        00000
__Hsfr41                             sfr41        00000
__Hsfr42                             sfr42        00000
__Hsfr43                             sfr43        00000
__Hsfr44                             sfr44        00000
__Hsfr45                             sfr45        00000
__Hsfr46                             sfr46        00000
__Hsfr47                             sfr47        00000
__Hsfr48                             sfr48        00000
__Hsfr49                             sfr49        00000
__Hsfr5                              sfr5         00000
__Hsfr50                             sfr50        00000
__Hsfr51                             sfr51        00000
__Hsfr52                             sfr52        00000
__Hsfr53                             sfr53        00000
__Hsfr54                             sfr54        00000
__Hsfr55                             sfr55        00000
__Hsfr56                             sfr56        00000
__Hsfr57                             sfr57        00000
__Hsfr58                             sfr58        00000
__Hsfr59                             sfr59        00000
__Hsfr6                              sfr6         00000
__Hsfr60                             sfr60        00000
__Hsfr61                             sfr61        00000
__Hsfr62                             sfr62        00000
__Hsfr63                             sfr63        00000
__Hsfr7                              sfr7         00000
__Hsfr8                              sfr8         00000
__Hsfr9                              sfr9         00000
__Hspace_0                           (abs)        0800C
__Hspace_1                           (abs)        001E0
__Hspace_2                           (abs)        00000
__Hspace_3                           (abs)        00000
__Hstack                             stack        00000
__Hstrings                           strings      00000
__Htext                              text         00000
__Labs1                              abs1         00000
__Lbank0                             bank0        00000
__Lbank1                             bank1        00000
__Lbank10                            bank10       00000
__Lbank11                            bank11       00000
__Lbank12                            bank12       00000
__Lbank13                            bank13       00000
__Lbank14                            bank14       00000
__Lbank15                            bank15       00000
__Lbank16                            bank16       00000
__Lbank17                            bank17       00000
__Lbank18                            bank18       00000
__Lbank19                            bank19       00000
__Lbank2                             bank2        00000
__Lbank20                            bank20       00000
__Lbank21                            bank21       00000
__Lbank22                            bank22       00000
__Lbank23                            bank23       00000
__Lbank24                            bank24       00000
__Lbank25                            bank25       00000
__Lbank26                            bank26       00000
__Lbank27                            bank27       00000
__Lbank28                            bank28       00000
__Lbank29                            bank29       00000
__Lbank3                             bank3        00000
__Lbank30                            bank30       00000
__Lbank31                            bank31       00000
__Lbank32                            bank32       00000
__Lbank33                            bank33       00000
__Lbank34                            bank34       00000
__Lbank35                            bank35       00000
__Lbank36                            bank36       00000
__Lbank37                            bank37       00000
__Lbank38                            bank38       00000
__Lbank39                            bank39       00000
__Lbank4                             bank4        00000
__Lbank40                            bank40       00000
__Lbank41                            bank41       00000
__Lbank42                            bank42       00000
__Lbank43                            bank43       00000
__Lbank44                            bank44       00000
__Lbank45                            bank45       00000
__Lbank46                            bank46       00000
__Lbank47                            bank47       00000
__Lbank48                            bank48       00000
__Lbank49                            bank49       00000
__Lbank5                             bank5        00000
__Lbank50                            bank50       00000
__Lbank51                            bank51       00000
__Lbank52                            bank52       00000
__Lbank53                            bank53       00000
__Lbank54                            bank54       00000
__Lbank55                            bank55       00000
__Lbank56                            bank56       00000
__Lbank57                            bank57       00000
__Lbank58                            bank58       00000
__Lbank59                            bank59       00000
__Lbank6                             bank6        00000
__Lbank60                            bank60       00000
__Lbank61                            bank61       00000
__Lbank62                            bank62       00000
__Lbank63                            bank63       00000
__Lbank7                             bank7        00000
__Lbank8                             bank8        00000
__Lbank9                             bank9        00000
__Lbigram                            bigram       00000
__LbssBANK1                          bssBANK1     00000
__LbssBANK2                          bssBANK2     00000
__LbssBANK3                          bssBANK3     00000
__Lcinit                             cinit        0002C
__Lclrtext                           clrtext      00000
__Lcode                              code         00000
__Lcommon                            common       00000
__Lconfig                            config       08007
__LcstackBANK0                       cstackBANK0  00000
__LcstackBANK1                       cstackBANK1  00000
__LcstackCOMMON                      cstackCOMMON 00000
__LdataBANK1                         dataBANK1    00000
__Leeprom_data                       eeprom_data  00000
__Lend_init                          end_init     0002A
__Lfunctab                           functab      00000
__LidataBANK1                        idataBANK1   00000
__Lidloc                             idloc        00000
__Linit                              init         0002A
__Lintentry                          intentry     00004
__Lmaintext                          maintext     00000
__LnvBANK1                           nvBANK1      00000
__Lpowerup                           powerup      00000
__Lram                               ram          00000
__Lreset_vec                         reset_vec    00000
__Lsfr0                              sfr0         00000
__Lsfr1                              sfr1         00000
__Lsfr10                             sfr10        00000
__Lsfr11                             sfr11        00000
__Lsfr12                             sfr12        00000
__Lsfr13                             sfr13        00000
__Lsfr14                             sfr14        00000
__Lsfr15                             sfr15        00000
__Lsfr16                             sfr16        00000
__Lsfr17                             sfr17        00000
__Lsfr18                             sfr18        00000
__Lsfr19                             sfr19        00000
__Lsfr2                              sfr2         00000
__Lsfr20                             sfr20        00000
__Lsfr21                             sfr21        00000
__Lsfr22                             sfr22        00000
__Lsfr23                             sfr23        00000
__Lsfr24                             sfr24        00000
__Lsfr25                             sfr25        00000
__Lsfr26                             sfr26        00000
__Lsfr27                             sfr27        00000
__Lsfr28                             sfr28        00000
__Lsfr29                             sfr29        00000
__Lsfr3                              sfr3         00000
__Lsfr30                             sfr30        00000
__Lsfr31                             sfr31        00000
__Lsfr32                             sfr32        00000
__Lsfr33                             sfr33        00000
__Lsfr34                             sfr34        00000
__Lsfr35                             sfr35        00000
__Lsfr36                             sfr36        00000
__Lsfr37                             sfr37        00000
__Lsfr38                             sfr38        00000
__Lsfr39                             sfr39        00000
__Lsfr4                              sfr4         00000
__Lsfr40                             sfr40        00000
__Lsfr41                             sfr41        00000
__Lsfr42                             sfr42        00000
__Lsfr43                             sfr43        00000
__Lsfr44                             sfr44        00000
__Lsfr45                             sfr45        00000
__Lsfr46                             sfr46        00000
__Lsfr47                             sfr47        00000
__Lsfr48                             sfr48        00000
__Lsfr49                             sfr49        00000
__Lsfr5                              sfr5         00000
__Lsfr50                             sfr50        00000
__Lsfr51                             sfr51        00000
__Lsfr52                             sfr52        00000
__Lsfr53                             sfr53        00000
__Lsfr54                             sfr54        00000
__Lsfr55                             sfr55        00000
__Lsfr56                             sfr56        00000
__Lsfr57                             sfr57        00000
__Lsfr58                             sfr58        00000
__Lsfr59                             sfr59        00000
__Lsfr6                              sfr6         00000
__Lsfr60                             sfr60        00000
__Lsfr61                             sfr61        00000
__Lsfr62                             sfr62        00000
__Lsfr63                             sfr63        00000
__Lsfr7                              sfr7         00000
__Lsfr8                              sfr8         00000
__Lsfr9                              sfr9         00000
__Lspace_0                           (abs)        00000
__Lspace_1                           (abs)        00000
__Lspace_2                           (abs)        00000
__Lspace_3                           (abs)        00000
__Lstack                             stack        00000
__Lstrings                           strings      00000
__Ltext                              text         00000
__S0                                 (abs)        0800C
__S1                                 (abs)        001E0
__S2                                 (abs)        00000
___awtoft                            text14       0061B
___awtoft@c                          cstackCOMMON 00078
___awtoft@sign                       cstackCOMMON 0007D
___ftadd                             text13       001BF
___ftadd@exp1                        cstackBANK0  00026
___ftadd@exp2                        cstackBANK0  00025
___ftadd@f1                          cstackCOMMON 00078
___ftadd@f2                          cstackCOMMON 0007B
___ftadd@sign                        cstackBANK0  00024
___ftdiv                             text12       00368
___ftdiv@cntr                        cstackBANK0  00031
___ftdiv@exp                         cstackBANK0  00035
___ftdiv@f1                          cstackBANK0  0002A
___ftdiv@f2                          cstackBANK0  00027
___ftdiv@f3                          cstackBANK0  00032
___ftdiv@sign                        cstackBANK0  00036
___ftmul                             text11       002B4
___ftmul@cntr                        cstackBANK0  00045
___ftmul@exp                         cstackBANK0  00041
___ftmul@f1                          cstackBANK0  00037
___ftmul@f2                          cstackBANK0  0003A
___ftmul@f3_as_product               cstackBANK0  00042
___ftmul@sign                        cstackBANK0  00046
___ftpack                            text15       00513
___ftpack@arg                        cstackCOMMON 00070
___ftpack@exp                        cstackCOMMON 00073
___ftpack@sign                       cstackCOMMON 00074
___fttol                             text10       00411
___fttol@exp1                        cstackBANK0  00054
___fttol@f1                          cstackBANK0  00047
___fttol@lval                        cstackBANK0  00050
___fttol@sign1                       cstackBANK0  0004F
___int_sp                            stack        00000
___latbits                           (abs)        00002
___sp                                stack        00000
__end_of_EUSART1_Initialize          text5        0068F
__end_of_EUSART1_Receive_ISR         text17       00513
__end_of_EUSART1_Transmit_ISR        text16       00675
__end_of_EUSART1_Write               text18       0061B
__end_of_I2C1_ISR                    text7        005F8
__end_of_I2C1_Initialize             text4        006A0
__end_of_I2C1_StatusCallback         text8        001BF
__end_of_INTERRUPT_InterruptManager  intentry     0002A
__end_of_OSCILLATOR_Initialize       text3        006B6
__end_of_PIN_MANAGER_Initialize      text2        005BD
__end_of_SYSTEM_Initialize           text1        006AC
__end_of___awtoft                    text14       0063B
__end_of___ftadd                     text13       002B4
__end_of___ftdiv                     text12       00411
__end_of___ftmul                     text11       00368
__end_of___ftpack                    text15       00577
__end_of___fttol                     text10       00498
__end_of__initialization             cinit        00048
__end_of_main                        maintext     006BE
__end_of_torVAR                      text9        00658
__initialization                     cinit        0002C
__pbssBANK1                          bssBANK1     000A0
__pbssBANK2                          bssBANK2     00120
__pbssBANK3                          bssBANK3     001A0
__pcstackBANK0                       cstackBANK0  00020
__pcstackBANK1                       cstackBANK1  000C8
__pcstackCOMMON                      cstackCOMMON 00070
__pdataBANK1                         dataBANK1    000C7
__pidataBANK1                        idataBANK1   006C4
__pintentry                          intentry     00004
__pmaintext                          maintext     006B6
__pnvBANK1                           nvBANK1      000C6
__ptext1                             text1        006A0
__ptext10                            text10       00411
__ptext11                            text11       002B4
__ptext12                            text12       00368
__ptext13                            text13       001BF
__ptext14                            text14       0061B
__ptext15                            text15       00513
__ptext16                            text16       00658
__ptext17                            text17       00498
__ptext18                            text18       005F8
__ptext2                             text2        00577
__ptext3                             text3        006AC
__ptext4                             text4        0068F
__ptext5                             text5        00675
__ptext7                             text7        005BD
__ptext8                             text8        0004C
__ptext9                             text9        0063B
__size_of_EUSART1_Initialize         (abs)        00000
__size_of_EUSART1_Receive_ISR        (abs)        00000
__size_of_EUSART1_Transmit_ISR       (abs)        00000
__size_of_EUSART1_Write              (abs)        00000
__size_of_I2C1_ISR                   (abs)        00000
__size_of_I2C1_Initialize            (abs)        00000
__size_of_I2C1_StatusCallback        (abs)        00000
__size_of_INTERRUPT_InterruptManager (abs)        00000
__size_of_OSCILLATOR_Initialize      (abs)        00000
__size_of_PIN_MANAGER_Initialize     (abs)        00000
__size_of_SYSTEM_Initialize          (abs)        00000
__size_of___awtoft                   (abs)        00000
__size_of___ftadd                    (abs)        00000
__size_of___ftdiv                    (abs)        00000
__size_of___ftmul                    (abs)        00000
__size_of___ftpack                   (abs)        00000
__size_of___fttol                    (abs)        00000
__size_of_main                       (abs)        00000
__size_of_torVAR                     (abs)        00000
_eusart1RxBuffer                     bssBANK3     001A0
_eusart1RxCount                      bssBANK1     000C0
_eusart1RxHead                       bssBANK1     000C2
_eusart1RxTail                       bssBANK1     000C1
_eusart1TxBuffer                     bssBANK1     000A0
_eusart1TxBufferRemaining            nvBANK1      000C6
_eusart1TxHead                       bssBANK1     000C4
_eusart1TxTail                       bssBANK1     000C3
_main                                maintext     006B6
_rVAR                                bssBANK1     000B8
_rVAR_u                              bssBANK1     000BE
_torVAR                              text9        0063B
_wMTQv                               bssBANK1     000A8
_wVAR_u                              bssBANK1     000BD
btemp                                (abs)        0007E
clear_ram0                           clrtext      006BE
end_of_initialization                cinit        00048
int$flags                            (abs)        0007E
intlevel0                            functab      00000
intlevel1                            functab      00000
intlevel2                            functab      00000
intlevel3                            functab      00000
intlevel4                            functab      00000
intlevel5                            functab      00000
reset_vec                            reset_vec    00000
stackhi                              (abs)        023EF
stacklo                              (abs)        02130
start                                init         0002A
start_initialization                 cinit        0002C
torVAR@data                          cstackCOMMON 00070
torVAR@floatUnion                    cstackCOMMON 00074
torVAR@xount                         cstackCOMMON 00078
wtemp0                               (abs)        0007E


FUNCTION INFORMATION:

 *************** function _main *****************
 Defined at:
		line 10 in file "main.c"
 Parameters:    Size  Location     Type
		None
 Auto vars:     Size  Location     Type
		None
 Return value:  Size  Location     Type
                  1    wreg      void 
 Registers used:
		wreg, status,2, status,0, pclath, cstack
 Tracked objects:
		On entry : 
		On exit  : 
		Unchanged: 
 Data sizes:     COMMON   BANK0   BANK1   BANK2   BANK3   BANK4   BANK5   BANK6   BANK7   BANK8   BANK9  BANK10  BANK11  BANK12
      Params:         0       0       0       0       0       0       0       0       0       0       0       0       0       0
      Locals:         0       0       0       0       0       0       0       0       0       0       0       0       0       0
      Temps:          0       0       0       0       0       0       0       0       0       0       0       0       0       0
      Totals:         0       0       0       0       0       0       0       0       0       0       0       0       0       0
Total ram usage:        0 bytes
 Hardware stack levels required when called:    7
 This function calls:
		_SYSTEM_Initialize
 This function is called by:
		Startup code after reset
 This function uses a non-reentrant model


 *************** function _SYSTEM_Initialize *****************
 Defined at:
		line 86 in file "mcc_generated_files/mcc.c"
 Parameters:    Size  Location     Type
		None
 Auto vars:     Size  Location     Type
		None
 Return value:  Size  Location     Type
                  1    wreg      void 
 Registers used:
		wreg, status,2, status,0, pclath, cstack
 Tracked objects:
		On entry : 
		On exit  : 
		Unchanged: 
 Data sizes:     COMMON   BANK0   BANK1   BANK2   BANK3   BANK4   BANK5   BANK6   BANK7   BANK8   BANK9  BANK10  BANK11  BANK12
      Params:         0       0       0       0       0       0       0       0       0       0       0       0       0       0
      Locals:         0       0       0       0       0       0       0       0       0       0       0       0       0       0
      Temps:          0       0       0       0       0       0       0       0       0       0       0       0       0       0
      Totals:         0       0       0       0       0       0       0       0       0       0       0       0       0       0
Total ram usage:        0 bytes
 Hardware stack levels used:    1
 Hardware stack levels required when called:    6
 This function calls:
		_EUSART1_Initialize
		_I2C1_Initialize
		_OSCILLATOR_Initialize
		_PIN_MANAGER_Initialize
 This function is called by:
		_main
 This function uses a non-reentrant model


 *************** function _PIN_MANAGER_Initialize *****************
 Defined at:
		line 51 in file "mcc_generated_files/pin_manager.c"
 Parameters:    Size  Location     Type
		None
 Auto vars:     Size  Location     Type
  state           1    0[BANK1 ] unsigned char 
 Return value:  Size  Location     Type
                  1    wreg      void 
 Registers used:
		wreg, status,2, status,0
 Tracked objects:
		On entry : 
		On exit  : 
		Unchanged: 
 Data sizes:     COMMON   BANK0   BANK1   BANK2   BANK3   BANK4   BANK5   BANK6   BANK7   BANK8   BANK9  BANK10  BANK11  BANK12
      Params:         0       0       0       0       0       0       0       0       0       0       0       0       0       0
      Locals:         0       0       1       0       0       0       0       0       0       0       0       0       0       0
      Temps:          0       0       0       0       0       0       0       0       0       0       0       0       0       0
      Totals:         0       0       1       0       0       0       0       0       0       0       0       0       0       0
Total ram usage:        1 bytes
 Hardware stack levels used:    1
 Hardware stack levels required when called:    5
 This function calls:
		Nothing
 This function is called by:
		_SYSTEM_Initialize
 This function uses a non-reentrant model


 *************** function _OSCILLATOR_Initialize *****************
 Defined at:
		line 95 in file "mcc_generated_files/mcc.c"
 Parameters:    Size  Location     Type
		None
 Auto vars:     Size  Location     Type
		None
 Return value:  Size  Location     Type
                  1    wreg      void 
 Registers used:
		wreg, status,2
 Tracked objects:
		On entry : 
		On exit  : 
		Unchanged: 
 Data sizes:     COMMON   BANK0   BANK1   BANK2   BANK3   BANK4   BANK5   BANK6   BANK7   BANK8   BANK9  BANK10  BANK11  BANK12
      Params:         0       0       0       0       0       0       0       0       0       0       0       0       0       0
      Locals:         0       0       0       0       0       0       0       0       0       0       0       0       0       0
      Temps:          0       0       0       0       0       0       0       0       0       0       0       0       0       0
      Totals:         0       0       0       0       0       0       0       0       0       0       0       0       0       0
Total ram usage:        0 bytes
 Hardware stack levels used:    1
 Hardware stack levels required when called:    5
 This function calls:
		Nothing
 This function is called by:
		_SYSTEM_Initialize
 This function uses a non-reentrant model


 *************** function _I2C1_Initialize *****************
 Defined at:
		line 70 in file "mcc_generated_files/i2c1.c"
 Parameters:    Size  Location     Type
		None
 Auto vars:     Size  Location     Type
		None
 Return value:  Size  Location     Type
                  1    wreg      void 
 Registers used:
		wreg
 Tracked objects:
		On entry : 
		On exit  : 
		Unchanged: 
 Data sizes:     COMMON   BANK0   BANK1   BANK2   BANK3   BANK4   BANK5   BANK6   BANK7   BANK8   BANK9  BANK10  BANK11  BANK12
      Params:         0       0       0       0       0       0       0       0       0       0       0       0       0       0
      Locals:         0       0       0       0       0       0       0       0       0       0       0       0       0       0
      Temps:          0       0       0       0       0       0       0       0       0       0       0       0       0       0
      Totals:         0       0       0       0       0       0       0       0       0       0       0       0       0       0
Total ram usage:        0 bytes
 Hardware stack levels used:    1
 Hardware stack levels required when called:    5
 This function calls:
		Nothing
 This function is called by:
		_SYSTEM_Initialize
 This function uses a non-reentrant model


 *************** function _EUSART1_Initialize *****************
 Defined at:
		line 77 in file "mcc_generated_files/eusart1.c"
 Parameters:    Size  Location     Type
		None
 Auto vars:     Size  Location     Type
		None
 Return value:  Size  Location     Type
                  1    wreg      void 
 Registers used:
		wreg, status,2
 Tracked objects:
		On entry : 
		On exit  : 
		Unchanged: 
 Data sizes:     COMMON   BANK0   BANK1   BANK2   BANK3   BANK4   BANK5   BANK6   BANK7   BANK8   BANK9  BANK10  BANK11  BANK12
      Params:         0       0       0       0       0       0       0       0       0       0       0       0       0       0
      Locals:         0       0       0       0       0       0       0       0       0       0       0       0       0       0
      Temps:          0       0       1       0       0       0       0       0       0       0       0       0       0       0
      Totals:         0       0       1       0       0       0       0       0       0       0       0       0       0       0
Total ram usage:        1 bytes
 Hardware stack levels used:    1
 Hardware stack levels required when called:    5
 This function calls:
		Nothing
 This function is called by:
		_SYSTEM_Initialize
 This function uses a non-reentrant model


 *************** function _INTERRUPT_InterruptManager *****************
 Defined at:
		line 51 in file "mcc_generated_files/interrupt_manager.c"
 Parameters:    Size  Location     Type
		None
 Auto vars:     Size  Location     Type
		None
 Return value:  Size  Location     Type
                  1    wreg      void 
 Registers used:
		wreg, fsr0l, fsr0h, fsr1l, fsr1h, status,2, status,0, pclath, cstack
 Tracked objects:
		On entry : 
		On exit  : 
		Unchanged: 
 Data sizes:     COMMON   BANK0   BANK1   BANK2   BANK3   BANK4   BANK5   BANK6   BANK7   BANK8   BANK9  BANK10  BANK11  BANK12
      Params:         0       0       0       0       0       0       0       0       0       0       0       0       0       0
      Locals:         0       0       0       0       0       0       0       0       0       0       0       0       0       0
      Temps:          0       1       0       0       0       0       0       0       0       0       0       0       0       0
      Totals:         0       1       0       0       0       0       0       0       0       0       0       0       0       0
Total ram usage:        1 bytes
 Hardware stack levels used:    1
 Hardware stack levels required when called:    4
 This function calls:
		_EUSART1_Receive_ISR
		_EUSART1_Transmit_ISR
		_I2C1_ISR
 This function is called by:
		Interrupt level 1
 This function uses a non-reentrant model


 *************** function _I2C1_ISR *****************
 Defined at:
		line 93 in file "mcc_generated_files/i2c1.c"
 Parameters:    Size  Location     Type
		None
 Auto vars:     Size  Location     Type
  i2c_data        1   78[BANK0 ] unsigned char 
 Return value:  Size  Location     Type
                  1    wreg      void 
 Registers used:
		wreg, fsr0l, fsr0h, fsr1l, fsr1h, status,2, status,0, pclath, cstack
 Tracked objects:
		On entry : 
		On exit  : 
		Unchanged: 
 Data sizes:     COMMON   BANK0   BANK1   BANK2   BANK3   BANK4   BANK5   BANK6   BANK7   BANK8   BANK9  BANK10  BANK11  BANK12
      Params:         0       0       0       0       0       0       0       0       0       0       0       0       0       0
      Locals:         0       1       0       0       0       0       0       0       0       0       0       0       0       0
      Temps:          0       1       0       0       0       0       0       0       0       0       0       0       0       0
      Totals:         0       2       0       0       0       0       0       0       0       0       0       0       0       0
Total ram usage:        2 bytes
 Hardware stack levels used:    1
 Hardware stack levels required when called:    3
 This function calls:
		_I2C1_StatusCallback
 This function is called by:
		_INTERRUPT_InterruptManager
 This function uses a non-reentrant model


 *************** function _I2C1_StatusCallback *****************
 Defined at:
		line 131 in file "mcc_generated_files/i2c1.c"
 Parameters:    Size  Location     Type
  i2c_bus_stat    1    wreg     enum E8788
  dataI2C         1   53[BANK0 ] unsigned char 
 Auto vars:     Size  Location     Type
  i2c_bus_stat    1   67[BANK0 ] enum E8788
  R2              3   68[BANK0 ] float 
  R1              3   61[BANK0 ] float 
  DevID           3   58[BANK0 ] float 
  xount           2   75[BANK0 ] int 
  val             2   73[BANK0 ] int 
  val16           2   71[BANK0 ] int 
  SensorValue_    2    0        unsigned int 
 Return value:  Size  Location     Type
                  1    wreg      void 
 Registers used:
		wreg, fsr0l, fsr0h, fsr1l, fsr1h, status,2, status,0, pclath, cstack
 Tracked objects:
		On entry : 
		On exit  : 
		Unchanged: 
 Data sizes:     COMMON   BANK0   BANK1   BANK2   BANK3   BANK4   BANK5   BANK6   BANK7   BANK8   BANK9  BANK10  BANK11  BANK12
      Params:         0       1       0       0       0       0       0       0       0       0       0       0       0       0
      Locals:         0      19       0       0       0       0       0       0       0       0       0       0       0       0
      Temps:          0       4       0       0       0       0       0       0       0       0       0       0       0       0
      Totals:         0      24       0       0       0       0       0       0       0       0       0       0       0       0
Total ram usage:       24 bytes
 Hardware stack levels used:    1
 Hardware stack levels required when called:    2
 This function calls:
		_EUSART1_Write
		___awtoft
		___ftadd
		___ftdiv
		___ftmul
		___fttol
		_torVAR
 This function is called by:
		_I2C1_ISR
 This function uses a non-reentrant model


 *************** function _torVAR *****************
 Defined at:
		line 221 in file "mcc_generated_files/i2c1.c"
 Parameters:    Size  Location     Type
  data            3    0[COMMON] float 
 Auto vars:     Size  Location     Type
  floatUnion      4    4[COMMON] struct .
  xount           1    8[COMMON] unsigned char 
 Return value:  Size  Location     Type
                  1    wreg      void 
 Registers used:
		wreg, fsr1l, fsr1h, status,2, status,0
 Tracked objects:
		On entry : 
		On exit  : 
		Unchanged: 
 Data sizes:     COMMON   BANK0   BANK1   BANK2   BANK3   BANK4   BANK5   BANK6   BANK7   BANK8   BANK9  BANK10  BANK11  BANK12
      Params:         3       0       0       0       0       0       0       0       0       0       0       0       0       0
      Locals:         5       0       0       0       0       0       0       0       0       0       0       0       0       0
      Temps:          1       0       0       0       0       0       0       0       0       0       0       0       0       0
      Totals:         9       0       0       0       0       0       0       0       0       0       0       0       0       0
Total ram usage:        9 bytes
 Hardware stack levels used:    1
 This function calls:
		Nothing
 This function is called by:
		_I2C1_StatusCallback
 This function uses a non-reentrant model


 *************** function ___fttol *****************
 Defined at:
		line 44 in file "C:\Program Files (x86)\Microchip\xc8\v1.41\sources\common\fttol.c"
 Parameters:    Size  Location     Type
  f1              3   39[BANK0 ] float 
 Auto vars:     Size  Location     Type
  lval            4   48[BANK0 ] unsigned long 
  exp1            1   52[BANK0 ] unsigned char 
  sign1           1   47[BANK0 ] unsigned char 
 Return value:  Size  Location     Type
                  4   39[BANK0 ] long 
 Registers used:
		wreg, status,2, status,0
 Tracked objects:
		On entry : 
		On exit  : 
		Unchanged: 
 Data sizes:     COMMON   BANK0   BANK1   BANK2   BANK3   BANK4   BANK5   BANK6   BANK7   BANK8   BANK9  BANK10  BANK11  BANK12
      Params:         0       4       0       0       0       0       0       0       0       0       0       0       0       0
      Locals:         0       6       0       0       0       0       0       0       0       0       0       0       0       0
      Temps:          0       4       0       0       0       0       0       0       0       0       0       0       0       0
      Totals:         0      14       0       0       0       0       0       0       0       0       0       0       0       0
Total ram usage:       14 bytes
 Hardware stack levels used:    1
 This function calls:
		Nothing
 This function is called by:
		_I2C1_StatusCallback
 This function uses a non-reentrant model


 *************** function ___ftmul *****************
 Defined at:
		line 62 in file "C:\Program Files (x86)\Microchip\xc8\v1.41\sources\common\ftmul.c"
 Parameters:    Size  Location     Type
  f1              3   23[BANK0 ] float 
  f2              3   26[BANK0 ] float 
 Auto vars:     Size  Location     Type
  f3_as_produc    3   34[BANK0 ] unsigned um
  sign            1   38[BANK0 ] unsigned char 
  cntr            1   37[BANK0 ] unsigned char 
  exp             1   33[BANK0 ] unsigned char 
 Return value:  Size  Location     Type
                  3   23[BANK0 ] float 
 Registers used:
		wreg, status,2, status,0, pclath, cstack
 Tracked objects:
		On entry : 
		On exit  : 
		Unchanged: 
 Data sizes:     COMMON   BANK0   BANK1   BANK2   BANK3   BANK4   BANK5   BANK6   BANK7   BANK8   BANK9  BANK10  BANK11  BANK12
      Params:         0       6       0       0       0       0       0       0       0       0       0       0       0       0
      Locals:         0       6       0       0       0       0       0       0       0       0       0       0       0       0
      Temps:          0       4       0       0       0       0       0       0       0       0       0       0       0       0
      Totals:         0      16       0       0       0       0       0       0       0       0       0       0       0       0
Total ram usage:       16 bytes
 Hardware stack levels used:    1
 Hardware stack levels required when called:    1
 This function calls:
		___ftpack
 This function is called by:
		_I2C1_StatusCallback
 This function uses a non-reentrant model


 *************** function ___ftdiv *****************
 Defined at:
		line 56 in file "C:\Program Files (x86)\Microchip\xc8\v1.41\sources\common\ftdiv.c"
 Parameters:    Size  Location     Type
  f2              3    7[BANK0 ] float 
  f1              3   10[BANK0 ] float 
 Auto vars:     Size  Location     Type
  f3              3   18[BANK0 ] float 
  sign            1   22[BANK0 ] unsigned char 
  exp             1   21[BANK0 ] unsigned char 
  cntr            1   17[BANK0 ] unsigned char 
 Return value:  Size  Location     Type
                  3    7[BANK0 ] float 
 Registers used:
		wreg, status,2, status,0, pclath, cstack
 Tracked objects:
		On entry : 
		On exit  : 
		Unchanged: 
 Data sizes:     COMMON   BANK0   BANK1   BANK2   BANK3   BANK4   BANK5   BANK6   BANK7   BANK8   BANK9  BANK10  BANK11  BANK12
      Params:         0       6       0       0       0       0       0       0       0       0       0       0       0       0
      Locals:         0       6       0       0       0       0       0       0       0       0       0       0       0       0
      Temps:          0       4       0       0       0       0       0       0       0       0       0       0       0       0
      Totals:         0      16       0       0       0       0       0       0       0       0       0       0       0       0
Total ram usage:       16 bytes
 Hardware stack levels used:    1
 Hardware stack levels required when called:    1
 This function calls:
		___ftpack
 This function is called by:
		_I2C1_StatusCallback
 This function uses a non-reentrant model


 *************** function ___ftadd *****************
 Defined at:
		line 86 in file "C:\Program Files (x86)\Microchip\xc8\v1.41\sources\common\ftadd.c"
 Parameters:    Size  Location     Type
  f1              3    8[COMMON] float 
  f2              3   11[COMMON] float 
 Auto vars:     Size  Location     Type
  exp1            1    6[BANK0 ] unsigned char 
  exp2            1    5[BANK0 ] unsigned char 
  sign            1    4[BANK0 ] unsigned char 
 Return value:  Size  Location     Type
                  3    8[COMMON] float 
 Registers used:
		wreg, status,2, status,0, pclath, cstack
 Tracked objects:
		On entry : 
		On exit  : 
		Unchanged: 
 Data sizes:     COMMON   BANK0   BANK1   BANK2   BANK3   BANK4   BANK5   BANK6   BANK7   BANK8   BANK9  BANK10  BANK11  BANK12
      Params:         6       0       0       0       0       0       0       0       0       0       0       0       0       0
      Locals:         0       3       0       0       0       0       0       0       0       0       0       0       0       0
      Temps:          0       4       0       0       0       0       0       0       0       0       0       0       0       0
      Totals:         6       7       0       0       0       0       0       0       0       0       0       0       0       0
Total ram usage:       13 bytes
 Hardware stack levels used:    1
 Hardware stack levels required when called:    1
 This function calls:
		___ftpack
 This function is called by:
		_I2C1_StatusCallback
 This function uses a non-reentrant model


 *************** function ___awtoft *****************
 Defined at:
		line 32 in file "C:\Program Files (x86)\Microchip\xc8\v1.41\sources\common\awtoft.c"
 Parameters:    Size  Location     Type
  c               2    8[COMMON] int 
 Auto vars:     Size  Location     Type
  sign            1   13[COMMON] unsigned char 
 Return value:  Size  Location     Type
                  3    8[COMMON] float 
 Registers used:
		wreg, status,2, status,0, pclath, cstack
 Tracked objects:
		On entry : 
		On exit  : 
		Unchanged: 
 Data sizes:     COMMON   BANK0   BANK1   BANK2   BANK3   BANK4   BANK5   BANK6   BANK7   BANK8   BANK9  BANK10  BANK11  BANK12
      Params:         3       0       0       0       0       0       0       0       0       0       0       0       0       0
      Locals:         1       0       0       0       0       0       0       0       0       0       0       0       0       0
      Temps:          2       0       0       0       0       0       0       0       0       0       0       0       0       0
      Totals:         6       0       0       0       0       0       0       0       0       0       0       0       0       0
Total ram usage:        6 bytes
 Hardware stack levels used:    1
 Hardware stack levels required when called:    1
 This function calls:
		___ftpack
 This function is called by:
		_I2C1_StatusCallback
 This function uses a non-reentrant model


 *************** function ___ftpack *****************
 Defined at:
		line 62 in file "C:\Program Files (x86)\Microchip\xc8\v1.41\sources\common\float.c"
 Parameters:    Size  Location     Type
  arg             3    0[COMMON] unsigned um
  exp             1    3[COMMON] unsigned char 
  sign            1    4[COMMON] unsigned char 
 Auto vars:     Size  Location     Type
		None
 Return value:  Size  Location     Type
                  3    0[COMMON] float 
 Registers used:
		wreg, status,2, status,0
 Tracked objects:
		On entry : 
		On exit  : 
		Unchanged: 
 Data sizes:     COMMON   BANK0   BANK1   BANK2   BANK3   BANK4   BANK5   BANK6   BANK7   BANK8   BANK9  BANK10  BANK11  BANK12
      Params:         5       0       0       0       0       0       0       0       0       0       0       0       0       0
      Locals:         0       0       0       0       0       0       0       0       0       0       0       0       0       0
      Temps:          3       0       0       0       0       0       0       0       0       0       0       0       0       0
      Totals:         8       0       0       0       0       0       0       0       0       0       0       0       0       0
Total ram usage:        8 bytes
 Hardware stack levels used:    1
 This function calls:
		Nothing
 This function is called by:
		___awtoft
		___ftadd
		___ftdiv
		___ftmul
 This function uses a non-reentrant model


 *************** function _EUSART1_Transmit_ISR *****************
 Defined at:
		line 157 in file "mcc_generated_files/eusart1.c"
 Parameters:    Size  Location     Type
		None
 Auto vars:     Size  Location     Type
		None
 Return value:  Size  Location     Type
                  1    wreg      void 
 Registers used:
		wreg, fsr1l, fsr1h, status,2, status,0
 Tracked objects:
		On entry : 
		On exit  : 
		Unchanged: 
 Data sizes:     COMMON   BANK0   BANK1   BANK2   BANK3   BANK4   BANK5   BANK6   BANK7   BANK8   BANK9  BANK10  BANK11  BANK12
      Params:         0       0       0       0       0       0       0       0       0       0       0       0       0       0
      Locals:         0       0       0       0       0       0       0       0       0       0       0       0       0       0
      Temps:          1       0       0       0       0       0       0       0       0       0       0       0       0       0
      Totals:         1       0       0       0       0       0       0       0       0       0       0       0       0       0
Total ram usage:        1 bytes
 Hardware stack levels used:    1
 This function calls:
		Nothing
 This function is called by:
		_INTERRUPT_InterruptManager
 This function uses a non-reentrant model


 *************** function _EUSART1_Receive_ISR *****************
 Defined at:
		line 176 in file "mcc_generated_files/eusart1.c"
 Parameters:    Size  Location     Type
		None
 Auto vars:     Size  Location     Type
  i               2    3[COMMON] int 
 Return value:  Size  Location     Type
                  1    wreg      void 
 Registers used:
		wreg, fsr1l, fsr1h, status,2, status,0, pclath, cstack
 Tracked objects:
		On entry : 
		On exit  : 
		Unchanged: 
 Data sizes:     COMMON   BANK0   BANK1   BANK2   BANK3   BANK4   BANK5   BANK6   BANK7   BANK8   BANK9  BANK10  BANK11  BANK12
      Params:         0       0       0       0       0       0       0       0       0       0       0       0       0       0
      Locals:         2       0       0       0       0       0       0       0       0       0       0       0       0       0
      Temps:          1       0       0       0       0       0       0       0       0       0       0       0       0       0
      Totals:         3       0       0       0       0       0       0       0       0       0       0       0       0       0
Total ram usage:        3 bytes
 Hardware stack levels used:    1
 Hardware stack levels required when called:    1
 This function calls:
		_EUSART1_Write
 This function is called by:
		_INTERRUPT_InterruptManager
 This function uses a non-reentrant model


 *************** function _EUSART1_Write *****************
 Defined at:
		line 134 in file "mcc_generated_files/eusart1.c"
 Parameters:    Size  Location     Type
  txData          1    wreg     unsigned char 
 Auto vars:     Size  Location     Type
  txData          1    1[COMMON] unsigned char 
 Return value:  Size  Location     Type
                  1    wreg      void 
 Registers used:
		wreg, fsr1l, fsr1h, status,2, status,0
 Tracked objects:
		On entry : 
		On exit  : 
		Unchanged: 
 Data sizes:     COMMON   BANK0   BANK1   BANK2   BANK3   BANK4   BANK5   BANK6   BANK7   BANK8   BANK9  BANK10  BANK11  BANK12
      Params:         0       0       0       0       0       0       0       0       0       0       0       0       0       0
      Locals:         1       0       0       0       0       0       0       0       0       0       0       0       0       0
      Temps:          1       0       0       0       0       0       0       0       0       0       0       0       0       0
      Totals:         2       0       0       0       0       0       0       0       0       0       0       0       0       0
Total ram usage:        2 bytes
 Hardware stack levels used:    1
 This function calls:
		Nothing
 This function is called by:
		_EUSART1_Receive_ISR
		_I2C1_StatusCallback
 This function uses a non-reentrant model



MODULE INFORMATION

Module		Function		Class		Link	Load	Size
C:\Program Files (x86)\Microchip\xc8\v1.41\sources\common\fttol.c
		___fttol       		CODE           	0411	0000	136

C:\Program Files (x86)\Microchip\xc8\v1.41\sources\common\fttol.c estimated size: 136

mcc_generated_files/interrupt_manager.c
		_INTERRUPT_InterruptManager		CODE           	0004	0000	39

mcc_generated_files/interrupt_manager.c estimated size: 39

mcc_generated_files/i2c1.c
		_torVAR        		CODE           	063B	0000	30
		_I2C1_StatusCallback		CODE           	004C	0000	372
		_I2C1_ISR      		CODE           	05BD	0000	60
		_I2C1_Initialize		CODE           	068F	0000	18

mcc_generated_files/i2c1.c estimated size: 480

C:\Program Files (x86)\Microchip\xc8\v1.41\sources\common\ftadd.c
		___ftadd       		CODE           	01BF	0000	246

C:\Program Files (x86)\Microchip\xc8\v1.41\sources\common\ftadd.c estimated size: 246

mcc_generated_files/pin_manager.c
		_PIN_MANAGER_Initialize		CODE           	0577	0000	71

mcc_generated_files/pin_manager.c estimated size: 71

C:\Program Files (x86)\Microchip\xc8\v1.41\sources\common\float.c
		___ftpack      		CODE           	0513	0000	101

C:\Program Files (x86)\Microchip\xc8\v1.41\sources\common\float.c estimated size: 101

shared
		__initialization		CODE           	002C	0000	29

shared estimated size: 29

mcc_generated_files/eusart1.c
		_EUSART1_Initialize		CODE           	0675	0000	27
		_EUSART1_Write 		CODE           	05F8	0000	36
		_EUSART1_Receive_ISR		CODE           	0498	0000	124
		_EUSART1_Transmit_ISR		CODE           	0658	0000	30

mcc_generated_files/eusart1.c estimated size: 217

mcc_generated_files/mcc.c
		_OSCILLATOR_Initialize		CODE           	06AC	0000	11
		_SYSTEM_Initialize		CODE           	06A0	0000	13

mcc_generated_files/mcc.c estimated size: 24

C:\Program Files (x86)\Microchip\xc8\v1.41\sources\common\awtoft.c
		___awtoft      		CODE           	061B	0000	33

C:\Program Files (x86)\Microchip\xc8\v1.41\sources\common\awtoft.c estimated size: 33

C:\Program Files (x86)\Microchip\xc8\v1.41\sources\common\ftmul.c
		___ftmul       		CODE           	02B4	0000	181

C:\Program Files (x86)\Microchip\xc8\v1.41\sources\common\ftmul.c estimated size: 181

main.c
		_main          		CODE           	06B6	0000	9

main.c estimated size: 9

C:\Program Files (x86)\Microchip\xc8\v1.41\sources\common\ftdiv.c
		___ftdiv       		CODE           	0368	0000	170

C:\Program Files (x86)\Microchip\xc8\v1.41\sources\common\ftdiv.c estimated size: 170

